// Jest Snapshot v1, https://goo.gl/fbAQLP

exports[`FileContent Component should render defaults 1`] = `
<section
  class="FileContent"
>
  <pre />
</section>
`;
